+(0.09)-(1.350000000000001)
Writing ./resources/expected_output//chunk-00.wav
